Archive member included to satisfy reference by file (symbol)

d:/avip_sokol/stm32cubeide_1.7.0/stm32cubeide/plugins/com.st.stm32cube.ide.mcu.externaltools.gnu-tools-for-stm32.10.3-2021.10.win32_1.0.0.202111181127/tools/bin/../lib/gcc/arm-none-eabi/10.3.1/../../../../arm-none-eabi/lib/thumb/v7-m/nofp\libc_nano.a(lib_a-errno.o)
                              ./Core/Src/syscalls.o (__errno)
d:/avip_sokol/stm32cubeide_1.7.0/stm32cubeide/plugins/com.st.stm32cube.ide.mcu.externaltools.gnu-tools-for-stm32.10.3-2021.10.win32_1.0.0.202111181127/tools/bin/../lib/gcc/arm-none-eabi/10.3.1/../../../../arm-none-eabi/lib/thumb/v7-m/nofp\libc_nano.a(lib_a-exit.o)
                              d:/avip_sokol/stm32cubeide_1.7.0/stm32cubeide/plugins/com.st.stm32cube.ide.mcu.externaltools.gnu-tools-for-stm32.10.3-2021.10.win32_1.0.0.202111181127/tools/bin/../lib/gcc/arm-none-eabi/10.3.1/../../../../arm-none-eabi/lib/thumb/v7-m/nofp/crt0.o (exit)
d:/avip_sokol/stm32cubeide_1.7.0/stm32cubeide/plugins/com.st.stm32cube.ide.mcu.externaltools.gnu-tools-for-stm32.10.3-2021.10.win32_1.0.0.202111181127/tools/bin/../lib/gcc/arm-none-eabi/10.3.1/../../../../arm-none-eabi/lib/thumb/v7-m/nofp\libc_nano.a(lib_a-impure.o)
                              d:/avip_sokol/stm32cubeide_1.7.0/stm32cubeide/plugins/com.st.stm32cube.ide.mcu.externaltools.gnu-tools-for-stm32.10.3-2021.10.win32_1.0.0.202111181127/tools/bin/../lib/gcc/arm-none-eabi/10.3.1/../../../../arm-none-eabi/lib/thumb/v7-m/nofp\libc_nano.a(lib_a-exit.o) (_global_impure_ptr)
d:/avip_sokol/stm32cubeide_1.7.0/stm32cubeide/plugins/com.st.stm32cube.ide.mcu.externaltools.gnu-tools-for-stm32.10.3-2021.10.win32_1.0.0.202111181127/tools/bin/../lib/gcc/arm-none-eabi/10.3.1/../../../../arm-none-eabi/lib/thumb/v7-m/nofp\libc_nano.a(lib_a-init.o)
                              d:/avip_sokol/stm32cubeide_1.7.0/stm32cubeide/plugins/com.st.stm32cube.ide.mcu.externaltools.gnu-tools-for-stm32.10.3-2021.10.win32_1.0.0.202111181127/tools/bin/../lib/gcc/arm-none-eabi/10.3.1/../../../../arm-none-eabi/lib/thumb/v7-m/nofp/crt0.o (__libc_init_array)
d:/avip_sokol/stm32cubeide_1.7.0/stm32cubeide/plugins/com.st.stm32cube.ide.mcu.externaltools.gnu-tools-for-stm32.10.3-2021.10.win32_1.0.0.202111181127/tools/bin/../lib/gcc/arm-none-eabi/10.3.1/../../../../arm-none-eabi/lib/thumb/v7-m/nofp\libc_nano.a(lib_a-memset.o)
                              d:/avip_sokol/stm32cubeide_1.7.0/stm32cubeide/plugins/com.st.stm32cube.ide.mcu.externaltools.gnu-tools-for-stm32.10.3-2021.10.win32_1.0.0.202111181127/tools/bin/../lib/gcc/arm-none-eabi/10.3.1/../../../../arm-none-eabi/lib/thumb/v7-m/nofp/crt0.o (memset)

Discarded input sections

 .text          0x0000000000000000        0x0 d:/avip_sokol/stm32cubeide_1.7.0/stm32cubeide/plugins/com.st.stm32cube.ide.mcu.externaltools.gnu-tools-for-stm32.10.3-2021.10.win32_1.0.0.202111181127/tools/bin/../lib/gcc/arm-none-eabi/10.3.1/thumb/v7-m/nofp/crti.o
 .data          0x0000000000000000        0x0 d:/avip_sokol/stm32cubeide_1.7.0/stm32cubeide/plugins/com.st.stm32cube.ide.mcu.externaltools.gnu-tools-for-stm32.10.3-2021.10.win32_1.0.0.202111181127/tools/bin/../lib/gcc/arm-none-eabi/10.3.1/thumb/v7-m/nofp/crti.o
 .bss           0x0000000000000000        0x0 d:/avip_sokol/stm32cubeide_1.7.0/stm32cubeide/plugins/com.st.stm32cube.ide.mcu.externaltools.gnu-tools-for-stm32.10.3-2021.10.win32_1.0.0.202111181127/tools/bin/../lib/gcc/arm-none-eabi/10.3.1/thumb/v7-m/nofp/crti.o
 .data          0x0000000000000000        0x4 d:/avip_sokol/stm32cubeide_1.7.0/stm32cubeide/plugins/com.st.stm32cube.ide.mcu.externaltools.gnu-tools-for-stm32.10.3-2021.10.win32_1.0.0.202111181127/tools/bin/../lib/gcc/arm-none-eabi/10.3.1/thumb/v7-m/nofp/crtbegin.o
 .rodata        0x0000000000000000       0x24 d:/avip_sokol/stm32cubeide_1.7.0/stm32cubeide/plugins/com.st.stm32cube.ide.mcu.externaltools.gnu-tools-for-stm32.10.3-2021.10.win32_1.0.0.202111181127/tools/bin/../lib/gcc/arm-none-eabi/10.3.1/thumb/v7-m/nofp/crtbegin.o
 .text          0x0000000000000000       0x7c d:/avip_sokol/stm32cubeide_1.7.0/stm32cubeide/plugins/com.st.stm32cube.ide.mcu.externaltools.gnu-tools-for-stm32.10.3-2021.10.win32_1.0.0.202111181127/tools/bin/../lib/gcc/arm-none-eabi/10.3.1/../../../../arm-none-eabi/lib/thumb/v7-m/nofp/crt0.o
 .data          0x0000000000000000        0x0 d:/avip_sokol/stm32cubeide_1.7.0/stm32cubeide/plugins/com.st.stm32cube.ide.mcu.externaltools.gnu-tools-for-stm32.10.3-2021.10.win32_1.0.0.202111181127/tools/bin/../lib/gcc/arm-none-eabi/10.3.1/../../../../arm-none-eabi/lib/thumb/v7-m/nofp/crt0.o
 .bss           0x0000000000000000        0x0 d:/avip_sokol/stm32cubeide_1.7.0/stm32cubeide/plugins/com.st.stm32cube.ide.mcu.externaltools.gnu-tools-for-stm32.10.3-2021.10.win32_1.0.0.202111181127/tools/bin/../lib/gcc/arm-none-eabi/10.3.1/../../../../arm-none-eabi/lib/thumb/v7-m/nofp/crt0.o
[...]
Memory Configuration

Name             Origin             Length             Attributes
RAM              0x0000000020000000 0x0000000000002800 xrw
FLASH            0x0000000008000000 0x0000000000008000 xr
*default*        0x0000000000000000 0xffffffffffffffff

Linker script and memory map

LOAD d:/avip_sokol/stm32cubeide_1.7.0/stm32cubeide/plugins/com.st.stm32cube.ide.mcu.externaltools.gnu-tools-for-stm32.10.3-2021.10.win32_1.0.0.202111181127/tools/bin/../lib/gcc/arm-none-eabi/10.3.1/thumb/v7-m/nofp/crti.o
LOAD d:/avip_sokol/stm32cubeide_1.7.0/stm32cubeide/plugins/com.st.stm32cube.ide.mcu.externaltools.gnu-tools-for-stm32.10.3-2021.10.win32_1.0.0.202111181127/tools/bin/../lib/gcc/arm-none-eabi/10.3.1/thumb/v7-m/nofp/crtbegin.o
LOAD d:/avip_sokol/stm32cubeide_1.7.0/stm32cubeide/plugins/com.st.stm32cube.ide.mcu.externaltools.gnu-tools-for-stm32.10.3-2021.10.win32_1.0.0.202111181127/tools/bin/../lib/gcc/arm-none-eabi/10.3.1/../../../../arm-none-eabi/lib/thumb/v7-m/nofp/crt0.o
LOAD ./Core/Src/ADC_code.o
LOAD ./Core/Src/GPIO_code.o
LOAD ./Core/Src/I2C_code.o
LOAD ./Core/Src/Interrupt.o
LOAD ./Core/Src/main.o
LOAD ./Core/Src/stm32f1xx_hal_msp.o
LOAD ./Core/Src/stm32f1xx_it.o
LOAD ./Core/Src/syscalls.o
LOAD ./Core/Src/sysmem.o
LOAD ./Core/Src/system_stm32f1xx.o
LOAD ./Core/Startup/startup_stm32f103c6tx.o
LOAD ./Drivers/STM32F1xx_HAL_Driver/Src/stm32f1xx_hal.o
LOAD ./Drivers/STM32F1xx_HAL_Driver/Src/stm32f1xx_hal_adc.o
LOAD ./Drivers/STM32F1xx_HAL_Driver/Src/stm32f1xx_hal_adc_ex.o
LOAD ./Drivers/STM32F1xx_HAL_Driver/Src/stm32f1xx_hal_cortex.o
LOAD ./Drivers/STM32F1xx_HAL_Driver/Src/stm32f1xx_hal_dma.o
LOAD ./Drivers/STM32F1xx_HAL_Driver/Src/stm32f1xx_hal_exti.o
LOAD ./Drivers/STM32F1xx_HAL_Driver/Src/stm32f1xx_hal_flash.o
LOAD ./Drivers/STM32F1xx_HAL_Driver/Src/stm32f1xx_hal_flash_ex.o
LOAD ./Drivers/STM32F1xx_HAL_Driver/Src/stm32f1xx_hal_gpio.o
LOAD ./Drivers/STM32F1xx_HAL_Driver/Src/stm32f1xx_hal_gpio_ex.o
LOAD ./Drivers/STM32F1xx_HAL_Driver/Src/stm32f1xx_hal_i2c.o
LOAD ./Drivers/STM32F1xx_HAL_Driver/Src/stm32f1xx_hal_pwr.o
LOAD ./Drivers/STM32F1xx_HAL_Driver/Src/stm32f1xx_hal_rcc.o
LOAD ./Drivers/STM32F1xx_HAL_Driver/Src/stm32f1xx_hal_rcc_ex.o
LOAD ./Drivers/STM32F1xx_HAL_Driver/Src/stm32f1xx_hal_tim.o
LOAD ./Drivers/STM32F1xx_HAL_Driver/Src/stm32f1xx_hal_tim_ex.o
START GROUP
LOAD d:/avip_sokol/stm32cubeide_1.7.0/stm32cubeide/plugins/com.st.stm32cube.ide.mcu.externaltools.gnu-tools-for-stm32.10.3-2021.10.win32_1.0.0.202111181127/tools/bin/../lib/gcc/arm-none-eabi/10.3.1/../../../../arm-none-eabi/lib/thumb/v7-m/nofp\libc_nano.a
LOAD d:/avip_sokol/stm32cubeide_1.7.0/stm32cubeide/plugins/com.st.stm32cube.ide.mcu.externaltools.gnu-tools-for-stm32.10.3-2021.10.win32_1.0.0.202111181127/tools/bin/../lib/gcc/arm-none-eabi/10.3.1/../../../../arm-none-eabi/lib/thumb/v7-m/nofp\libm.a
END GROUP
START GROUP
LOAD d:/avip_sokol/stm32cubeide_1.7.0/stm32cubeide/plugins/com.st.stm32cube.ide.mcu.externaltools.gnu-tools-for-stm32.10.3-2021.10.win32_1.0.0.202111181127/tools/bin/../lib/gcc/arm-none-eabi/10.3.1/thumb/v7-m/nofp\libgcc.a
LOAD d:/avip_sokol/stm32cubeide_1.7.0/stm32cubeide/plugins/com.st.stm32cube.ide.mcu.externaltools.gnu-tools-for-stm32.10.3-2021.10.win32_1.0.0.202111181127/tools/bin/../lib/gcc/arm-none-eabi/10.3.1/../../../../arm-none-eabi/lib/thumb/v7-m/nofp\libc_nano.a
END GROUP
START GROUP
LOAD d:/avip_sokol/stm32cubeide_1.7.0/stm32cubeide/plugins/com.st.stm32cube.ide.mcu.externaltools.gnu-tools-for-stm32.10.3-2021.10.win32_1.0.0.202111181127/tools/bin/../lib/gcc/arm-none-eabi/10.3.1/thumb/v7-m/nofp\libgcc.a
LOAD d:/avip_sokol/stm32cubeide_1.7.0/stm32cubeide/plugins/com.st.stm32cube.ide.mcu.externaltools.gnu-tools-for-stm32.10.3-2021.10.win32_1.0.0.202111181127/tools/bin/../lib/gcc/arm-none-eabi/10.3.1/../../../../arm-none-eabi/lib/thumb/v7-m/nofp\libc_nano.a
LOAD d:/avip_sokol/stm32cubeide_1.7.0/stm32cubeide/plugins/com.st.stm32cube.ide.mcu.externaltools.gnu-tools-for-stm32.10.3-2021.10.win32_1.0.0.202111181127/tools/bin/../lib/gcc/arm-none-eabi/10.3.1/../../../../arm-none-eabi/lib/thumb/v7-m/nofp\libnosys.a
END GROUP
START GROUP
LOAD d:/avip_sokol/stm32cubeide_1.7.0/stm32cubeide/plugins/com.st.stm32cube.ide.mcu.externaltools.gnu-tools-for-stm32.10.3-2021.10.win32_1.0.0.202111181127/tools/bin/../lib/gcc/arm-none-eabi/10.3.1/thumb/v7-m/nofp\libgcc.a
LOAD d:/avip_sokol/stm32cubeide_1.7.0/stm32cubeide/plugins/com.st.stm32cube.ide.mcu.externaltools.gnu-tools-for-stm32.10.3-2021.10.win32_1.0.0.202111181127/tools/bin/../lib/gcc/arm-none-eabi/10.3.1/../../../../arm-none-eabi/lib/thumb/v7-m/nofp\libc_nano.a
LOAD d:/avip_sokol/stm32cubeide_1.7.0/stm32cubeide/plugins/com.st.stm32cube.ide.mcu.externaltools.gnu-tools-for-stm32.10.3-2021.10.win32_1.0.0.202111181127/tools/bin/../lib/gcc/arm-none-eabi/10.3.1/../../../../arm-none-eabi/lib/thumb/v7-m/nofp\libnosys.a
END GROUP
LOAD d:/avip_sokol/stm32cubeide_1.7.0/stm32cubeide/plugins/com.st.stm32cube.ide.mcu.externaltools.gnu-tools-for-stm32.10.3-2021.10.win32_1.0.0.202111181127/tools/bin/../lib/gcc/arm-none-eabi/10.3.1/thumb/v7-m/nofp/crtend.o
LOAD d:/avip_sokol/stm32cubeide_1.7.0/stm32cubeide/plugins/com.st.stm32cube.ide.mcu.externaltools.gnu-tools-for-stm32.10.3-2021.10.win32_1.0.0.202111181127/tools/bin/../lib/gcc/arm-none-eabi/10.3.1/thumb/v7-m/nofp/crtn.o
                0x0000000020002800                _estack = (ORIGIN (RAM) + LENGTH (RAM))
                0x0000000000000200                _Min_Heap_Size = 0x200
                0x0000000000000400                _Min_Stack_Size = 0x400

.isr_vector     0x0000000008000000      0x10c
                0x0000000008000000                . = ALIGN (0x4)
 *(.isr_vector)
 .isr_vector    0x0000000008000000      0x10c ./Core/Startup/startup_stm32f103c6tx.o
                0x0000000008000000                g_pfnVectors
                0x000000000800010c                . = ALIGN (0x4)

.text           0x000000000800010c     0x1738
                0x000000000800010c                . = ALIGN (0x4)
 *(.text)
 .text          0x000000000800010c       0x40 d:/avip_sokol/stm32cubeide_1.7.0/stm32cubeide/plugins/com.st.stm32cube.ide.mcu.externaltools.gnu-tools-for-stm32.10.3-2021.10.win32_1.0.0.202111181127/tools/bin/../lib/gcc/arm-none-eabi/10.3.1/thumb/v7-m/nofp/crtbegin.o
 *(.text*)
 .text.ADC_Init
                0x000000000800014c       0x18 ./Core/Src/ADC_code.o
                0x000000000800014c                ADC_Init
 .text.MX_ADC1_Init
                0x0000000008000164       0x7c ./Core/Src/ADC_code.o
 .text.EXTI15_10_IRQHandler
                0x00000000080001e0       0x10 ./Core/Src/GPIO_code.o
                0x00000000080001e0                EXTI15_10_IRQHandler
 .text.HAL_GPIO_EXTI_Callback
                0x00000000080001f0       0x40 ./Core/Src/GPIO_code.o
                0x00000000080001f0                HAL_GPIO_EXTI_Callback
 .text.GPIO_Init
                0x0000000008000230        0xc ./Core/Src/GPIO_code.o
                0x0000000008000230                GPIO_Init
 .text.MX_GPIO_Init
                0x000000000800023c       0xa4 ./Core/Src/GPIO_code.o
 .text.Error_Handler
                0x00000000080002e0        0xa ./Core/Src/I2C_code.o
                0x00000000080002e0                Error_Handler
 .text.main     0x00000000080002ea       0x12 ./Core/Src/main.o
                0x00000000080002ea                main
 .text.assert_failed
                0x00000000080002fc       0x14 ./Core/Src/main.o
                0x00000000080002fc                assert_failed
 .text.HAL_MspInit
                0x0000000008000310       0x64 ./Core/Src/stm32f1xx_hal_msp.o
                0x0000000008000310                HAL_MspInit
 .text.NMI_Handler
                0x0000000008000374        0x6 ./Core/Src/stm32f1xx_it.o
                0x0000000008000374                NMI_Handler
 .text.HardFault_Handler
                0x000000000800037a        0x6 ./Core/Src/stm32f1xx_it.o
                0x000000000800037a                HardFault_Handler
 .text.MemManage_Handler
                0x0000000008000380        0x6 ./Core/Src/stm32f1xx_it.o
                0x0000000008000380                MemManage_Handler
 .text.BusFault_Handler
                0x0000000008000386        0x6 ./Core/Src/stm32f1xx_it.o
                0x0000000008000386                BusFault_Handler
 .text.UsageFault_Handler
                0x000000000800038c        0x6 ./Core/Src/stm32f1xx_it.o
                0x000000000800038c                UsageFault_Handler
 .text.SVC_Handler
                0x0000000008000392        0xc ./Core/Src/stm32f1xx_it.o
                0x0000000008000392                SVC_Handler
 .text.DebugMon_Handler
                0x000000000800039e        0xc ./Core/Src/stm32f1xx_it.o
                0x000000000800039e                DebugMon_Handler
 .text.PendSV_Handler
                0x00000000080003aa        0xc ./Core/Src/stm32f1xx_it.o
                0x00000000080003aa                PendSV_Handler
 .text.SysTick_Handler
                0x00000000080003b6        0xc ./Core/Src/stm32f1xx_it.o
                0x00000000080003b6                SysTick_Handler
 *fill*         0x00000000080003c2        0x2 
 .text.ADC1_2_IRQHandler
                0x00000000080003c4       0x14 ./Core/Src/stm32f1xx_it.o
                0x00000000080003c4                ADC1_2_IRQHandler
 .text.SystemInit
                0x00000000080003d8        0xc ./Core/Src/system_stm32f1xx.o
                0x00000000080003d8                SystemInit
 .text.Reset_Handler
                0x00000000080003e4       0x48 ./Core/Startup/startup_stm32f103c6tx.o
                0x00000000080003e4                Reset_Handler
 .text.Default_Handler
                0x000000000800042c        0x2 ./Core/Startup/startup_stm32f103c6tx.o
                0x000000000800042c                RTC_Alarm_IRQHandler
                0x000000000800042c                EXTI2_IRQHandler
                0x000000000800042c                TIM1_CC_IRQHandler
                0x000000000800042c                PVD_IRQHandler
                0x000000000800042c                EXTI3_IRQHandler
                0x000000000800042c                EXTI0_IRQHandler
                0x000000000800042c                SPI1_IRQHandler
                0x000000000800042c                TAMPER_IRQHandler
                0x000000000800042c                DMA1_Channel4_IRQHandler
                0x000000000800042c                RTC_IRQHandler
                0x000000000800042c                DMA1_Channel7_IRQHandler
                0x000000000800042c                CAN1_RX1_IRQHandler
                0x000000000800042c                I2C1_EV_IRQHandler
                0x000000000800042c                DMA1_Channel6_IRQHandler
                0x000000000800042c                TIM3_IRQHandler
                0x000000000800042c                RCC_IRQHandler
                0x000000000800042c                TIM1_TRG_COM_IRQHandler
                0x000000000800042c                DMA1_Channel1_IRQHandler
                0x000000000800042c                Default_Handler
                0x000000000800042c                EXTI9_5_IRQHandler
                0x000000000800042c                DMA1_Channel5_IRQHandler
                0x000000000800042c                EXTI4_IRQHandler
                0x000000000800042c                USB_LP_CAN1_RX0_IRQHandler
                0x000000000800042c                USB_HP_CAN1_TX_IRQHandler
                0x000000000800042c                DMA1_Channel3_IRQHandler
                0x000000000800042c                TIM1_UP_IRQHandler
                0x000000000800042c                WWDG_IRQHandler
                0x000000000800042c                TIM2_IRQHandler
                0x000000000800042c                TIM1_BRK_IRQHandler
                0x000000000800042c                EXTI1_IRQHandler
                0x000000000800042c                USART2_IRQHandler
                0x000000000800042c                DMA1_Channel2_IRQHandler
                0x000000000800042c                CAN1_SCE_IRQHandler
                0x000000000800042c                FLASH_IRQHandler
                0x000000000800042c                USART1_IRQHandler
                0x000000000800042c                I2C1_ER_IRQHandler
                0x000000000800042c                USBWakeUp_IRQHandler
 *fill*         0x000000000800042e        0x2 
 .text.HAL_Init
                0x0000000008000430       0x2c ./Drivers/STM32F1xx_HAL_Driver/Src/stm32f1xx_hal.o
                0x0000000008000430                HAL_Init
 .text.HAL_InitTick
                0x000000000800045c       0x60 ./Drivers/STM32F1xx_HAL_Driver/Src/stm32f1xx_hal.o
                0x000000000800045c                HAL_InitTick
 .text.HAL_IncTick
                0x00000000080004bc       0x24 ./Drivers/STM32F1xx_HAL_Driver/Src/stm32f1xx_hal.o
                0x00000000080004bc                HAL_IncTick
 .text.HAL_GetTick
                0x00000000080004e0       0x14 ./Drivers/STM32F1xx_HAL_Driver/Src/stm32f1xx_hal.o
                0x00000000080004e0                HAL_GetTick
 .text.HAL_ADC_Init
                0x00000000080004f4      0x2d4 ./Drivers/STM32F1xx_HAL_Driver/Src/stm32f1xx_hal_adc.o
                0x00000000080004f4                HAL_ADC_Init
 .text.HAL_ADC_MspInit
                0x00000000080007c8       0x12 ./Drivers/STM32F1xx_HAL_Driver/Src/stm32f1xx_hal_adc.o
                0x00000000080007c8                HAL_ADC_MspInit
 *fill*         0x00000000080007da        0x2 
 .text.HAL_ADC_Start
                0x00000000080007dc      0x180 ./Drivers/STM32F1xx_HAL_Driver/Src/stm32f1xx_hal_adc.o
                0x00000000080007dc                HAL_ADC_Start
 .text.HAL_ADC_IRQHandler
                0x000000000800095c      0x1e4 ./Drivers/STM32F1xx_HAL_Driver/Src/stm32f1xx_hal_adc.o
                0x000000000800095c                HAL_ADC_IRQHandler
 .text.HAL_ADC_ConvCpltCallback
                0x0000000008000b40       0x12 ./Drivers/STM32F1xx_HAL_Driver/Src/stm32f1xx_hal_adc.o
                0x0000000008000b40                HAL_ADC_ConvCpltCallback
 .text.HAL_ADC_LevelOutOfWindowCallback
                0x0000000008000b52       0x12 ./Drivers/STM32F1xx_HAL_Driver/Src/stm32f1xx_hal_adc.o
                0x0000000008000b52                HAL_ADC_LevelOutOfWindowCallback
 .text.HAL_ADC_ConfigChannel
                0x0000000008000b64      0x388 ./Drivers/STM32F1xx_HAL_Driver/Src/stm32f1xx_hal_adc.o
                0x0000000008000b64                HAL_ADC_ConfigChannel
 .text.ADC_Enable
                0x0000000008000eec       0xb4 ./Drivers/STM32F1xx_HAL_Driver/Src/stm32f1xx_hal_adc.o
                0x0000000008000eec                ADC_Enable
 .text.ADC_ConversionStop_Disable
                0x0000000008000fa0       0x82 ./Drivers/STM32F1xx_HAL_Driver/Src/stm32f1xx_hal_adc.o
                0x0000000008000fa0                ADC_ConversionStop_Disable
 .text.HAL_ADCEx_InjectedConvCpltCallback
                0x0000000008001022       0x12 ./Drivers/STM32F1xx_HAL_Driver/Src/stm32f1xx_hal_adc_ex.o
                0x0000000008001022                HAL_ADCEx_InjectedConvCpltCallback
 .text.__NVIC_SetPriorityGrouping
                0x0000000008001034       0x48 ./Drivers/STM32F1xx_HAL_Driver/Src/stm32f1xx_hal_cortex.o
 .text.__NVIC_GetPriorityGrouping
                0x000000000800107c       0x1c ./Drivers/STM32F1xx_HAL_Driver/Src/stm32f1xx_hal_cortex.o
 .text.__NVIC_EnableIRQ
                0x0000000008001098       0x38 ./Drivers/STM32F1xx_HAL_Driver/Src/stm32f1xx_hal_cortex.o
 .text.__NVIC_SetPriority
                0x00000000080010d0       0x54 ./Drivers/STM32F1xx_HAL_Driver/Src/stm32f1xx_hal_cortex.o
 .text.NVIC_EncodePriority
                0x0000000008001124       0x64 ./Drivers/STM32F1xx_HAL_Driver/Src/stm32f1xx_hal_cortex.o
 .text.SysTick_Config
                0x0000000008001188       0x44 ./Drivers/STM32F1xx_HAL_Driver/Src/stm32f1xx_hal_cortex.o
 .text.HAL_NVIC_SetPriorityGrouping
                0x00000000080011cc       0x40 ./Drivers/STM32F1xx_HAL_Driver/Src/stm32f1xx_hal_cortex.o
                0x00000000080011cc                HAL_NVIC_SetPriorityGrouping
 .text.HAL_NVIC_SetPriority
                0x000000000800120c       0x58 ./Drivers/STM32F1xx_HAL_Driver/Src/stm32f1xx_hal_cortex.o
                0x000000000800120c                HAL_NVIC_SetPriority
 .text.HAL_NVIC_EnableIRQ
                0x0000000008001264       0x30 ./Drivers/STM32F1xx_HAL_Driver/Src/stm32f1xx_hal_cortex.o
                0x0000000008001264                HAL_NVIC_EnableIRQ
 .text.HAL_SYSTICK_Config
                0x0000000008001294       0x18 ./Drivers/STM32F1xx_HAL_Driver/Src/stm32f1xx_hal_cortex.o
                0x0000000008001294                HAL_SYSTICK_Config
 .text.HAL_GPIO_Init
                0x00000000080012ac      0x4b8 ./Drivers/STM32F1xx_HAL_Driver/Src/stm32f1xx_hal_gpio.o
                0x00000000080012ac                HAL_GPIO_Init
 .text.HAL_GPIO_TogglePin
                0x0000000008001764       0x50 ./Drivers/STM32F1xx_HAL_Driver/Src/stm32f1xx_hal_gpio.o
                0x0000000008001764                HAL_GPIO_TogglePin
 .text.HAL_GPIO_EXTI_IRQHandler
                0x00000000080017b4       0x30 ./Drivers/STM32F1xx_HAL_Driver/Src/stm32f1xx_hal_gpio.o
                0x00000000080017b4                HAL_GPIO_EXTI_IRQHandler
 .text.__libc_init_array
                0x00000000080017e4       0x48 d:/avip_sokol/stm32cubeide_1.7.0/stm32cubeide/plugins/com.st.stm32cube.ide.mcu.externaltools.gnu-tools-for-stm32.10.3-2021.10.win32_1.0.0.202111181127/tools/bin/../lib/gcc/arm-none-eabi/10.3.1/../../../../arm-none-eabi/lib/thumb/v7-m/nofp\libc_nano.a(lib_a-init.o)
                0x00000000080017e4                __libc_init_array
 *(.glue_7)
 .glue_7        0x000000000800182c        0x0 linker stubs
 *(.glue_7t)
 .glue_7t       0x000000000800182c        0x0 linker stubs
 *(.eh_frame)
 .eh_frame      0x000000000800182c        0x0 d:/avip_sokol/stm32cubeide_1.7.0/stm32cubeide/plugins/com.st.stm32cube.ide.mcu.externaltools.gnu-tools-for-stm32.10.3-2021.10.win32_1.0.0.202111181127/tools/bin/../lib/gcc/arm-none-eabi/10.3.1/thumb/v7-m/nofp/crtbegin.o
 *(.init)
 .init          0x000000000800182c        0x4 d:/avip_sokol/stm32cubeide_1.7.0/stm32cubeide/plugins/com.st.stm32cube.ide.mcu.externaltools.gnu-tools-for-stm32.10.3-2021.10.win32_1.0.0.202111181127/tools/bin/../lib/gcc/arm-none-eabi/10.3.1/thumb/v7-m/nofp/crti.o
                0x000000000800182c                _init
 .init          0x0000000008001830        0x8 d:/avip_sokol/stm32cubeide_1.7.0/stm32cubeide/plugins/com.st.stm32cube.ide.mcu.externaltools.gnu-tools-for-stm32.10.3-2021.10.win32_1.0.0.202111181127/tools/bin/../lib/gcc/arm-none-eabi/10.3.1/thumb/v7-m/nofp/crtn.o
 *(.fini)
 .fini          0x0000000008001838        0x4 d:/avip_sokol/stm32cubeide_1.7.0/stm32cubeide/plugins/com.st.stm32cube.ide.mcu.externaltools.gnu-tools-for-stm32.10.3-2021.10.win32_1.0.0.202111181127/tools/bin/../lib/gcc/arm-none-eabi/10.3.1/thumb/v7-m/nofp/crti.o
                0x0000000008001838                _fini
 .fini          0x000000000800183c        0x8 d:/avip_sokol/stm32cubeide_1.7.0/stm32cubeide/plugins/com.st.stm32cube.ide.mcu.externaltools.gnu-tools-for-stm32.10.3-2021.10.win32_1.0.0.202111181127/tools/bin/../lib/gcc/arm-none-eabi/10.3.1/thumb/v7-m/nofp/crtn.o
                0x0000000008001844                . = ALIGN (0x4)
                0x0000000008001844                _etext = .

.vfp11_veneer   0x0000000008001844        0x0
 .vfp11_veneer  0x0000000008001844        0x0 linker stubs

.v4_bx          0x0000000008001844        0x0
 .v4_bx         0x0000000008001844        0x0 linker stubs

.iplt           0x0000000008001844        0x0
 .iplt          0x0000000008001844        0x0 d:/avip_sokol/stm32cubeide_1.7.0/stm32cubeide/plugins/com.st.stm32cube.ide.mcu.externaltools.gnu-tools-for-stm32.10.3-2021.10.win32_1.0.0.202111181127/tools/bin/../lib/gcc/arm-none-eabi/10.3.1/thumb/v7-m/nofp/crtbegin.o

.rodata         0x0000000008001844       0xb0
                0x0000000008001844                . = ALIGN (0x4)
 *(.rodata)
 .rodata        0x0000000008001844       0x38 ./Drivers/STM32F1xx_HAL_Driver/Src/stm32f1xx_hal_adc.o
 .rodata        0x000000000800187c       0x3b ./Drivers/STM32F1xx_HAL_Driver/Src/stm32f1xx_hal_cortex.o
 *fill*         0x00000000080018b7        0x1 
 .rodata        0x00000000080018b8       0x39 ./Drivers/STM32F1xx_HAL_Driver/Src/stm32f1xx_hal_gpio.o
 *(.rodata*)
                0x00000000080018f4                . = ALIGN (0x4)
 *fill*         0x00000000080018f1        0x3 

.rel.dyn        0x00000000080018f4        0x0
 .rel.iplt      0x00000000080018f4        0x0 d:/avip_sokol/stm32cubeide_1.7.0/stm32cubeide/plugins/com.st.stm32cube.ide.mcu.externaltools.gnu-tools-for-stm32.10.3-2021.10.win32_1.0.0.202111181127/tools/bin/../lib/gcc/arm-none-eabi/10.3.1/thumb/v7-m/nofp/crtbegin.o

.ARM.extab      0x00000000080018f4        0x0
                0x00000000080018f4                . = ALIGN (0x4)
 *(.ARM.extab* .gnu.linkonce.armextab.*)
                0x00000000080018f4                . = ALIGN (0x4)

.ARM            0x00000000080018f4        0x0
                0x00000000080018f4                . = ALIGN (0x4)
                0x00000000080018f4                __exidx_start = .
 *(.ARM.exidx*)
                0x00000000080018f4                __exidx_end = .
                0x00000000080018f4                . = ALIGN (0x4)

.preinit_array  0x00000000080018f4        0x0
                0x00000000080018f4                . = ALIGN (0x4)
                0x00000000080018f4                PROVIDE (__preinit_array_start = .)
 *(.preinit_array*)
                0x00000000080018f4                PROVIDE (__preinit_array_end = .)
                0x00000000080018f4                . = ALIGN (0x4)

.init_array     0x00000000080018f4        0x4
                0x00000000080018f4                . = ALIGN (0x4)
                0x00000000080018f4                PROVIDE (__init_array_start = .)
 *(SORT_BY_NAME(.init_array.*))
 *(.init_array*)
 .init_array    0x00000000080018f4        0x4 d:/avip_sokol/stm32cubeide_1.7.0/stm32cubeide/plugins/com.st.stm32cube.ide.mcu.externaltools.gnu-tools-for-stm32.10.3-2021.10.win32_1.0.0.202111181127/tools/bin/../lib/gcc/arm-none-eabi/10.3.1/thumb/v7-m/nofp/crtbegin.o
                0x00000000080018f8                PROVIDE (__init_array_end = .)
                0x00000000080018f8                . = ALIGN (0x4)

.fini_array     0x00000000080018f8        0x4
                0x00000000080018f8                . = ALIGN (0x4)
                [!provide]                        PROVIDE (__fini_array_start = .)
 *(SORT_BY_NAME(.fini_array.*))
 *(.fini_array*)
 .fini_array    0x00000000080018f8        0x4 d:/avip_sokol/stm32cubeide_1.7.0/stm32cubeide/plugins/com.st.stm32cube.ide.mcu.externaltools.gnu-tools-for-stm32.10.3-2021.10.win32_1.0.0.202111181127/tools/bin/../lib/gcc/arm-none-eabi/10.3.1/thumb/v7-m/nofp/crtbegin.o
                [!provide]                        PROVIDE (__fini_array_end = .)
                0x00000000080018fc                . = ALIGN (0x4)
                0x00000000080018fc                _sidata = LOADADDR (.data)

.data           0x0000000020000000        0xc load address 0x00000000080018fc
                0x0000000020000000                . = ALIGN (0x4)
                0x0000000020000000                _sdata = .
 *(.data)
 *(.data*)
 .data.SystemCoreClock
                0x0000000020000000        0x4 ./Core/Src/system_stm32f1xx.o
                0x0000000020000000                SystemCoreClock
 .data.uwTickPrio
                0x0000000020000004        0x4 ./Drivers/STM32F1xx_HAL_Driver/Src/stm32f1xx_hal.o
                0x0000000020000004                uwTickPrio
 .data.uwTickFreq
                0x0000000020000008        0x1 ./Drivers/STM32F1xx_HAL_Driver/Src/stm32f1xx_hal.o
                0x0000000020000008                uwTickFreq
 *(.RamFunc)
 *(.RamFunc*)
                0x000000002000000c                . = ALIGN (0x4)
 *fill*         0x0000000020000009        0x3 
                0x000000002000000c                _edata = .

.igot.plt       0x000000002000000c        0x0 load address 0x0000000008001908
 .igot.plt      0x000000002000000c        0x0 d:/avip_sokol/stm32cubeide_1.7.0/stm32cubeide/plugins/com.st.stm32cube.ide.mcu.externaltools.gnu-tools-for-stm32.10.3-2021.10.win32_1.0.0.202111181127/tools/bin/../lib/gcc/arm-none-eabi/10.3.1/thumb/v7-m/nofp/crtbegin.o
                0x000000002000000c                . = ALIGN (0x4)

.bss            0x000000002000000c       0x54 load address 0x0000000008001908
                0x000000002000000c                _sbss = .
                0x000000002000000c                __bss_start__ = _sbss
 *(.bss)
 .bss           0x000000002000000c       0x1c d:/avip_sokol/stm32cubeide_1.7.0/stm32cubeide/plugins/com.st.stm32cube.ide.mcu.externaltools.gnu-tools-for-stm32.10.3-2021.10.win32_1.0.0.202111181127/tools/bin/../lib/gcc/arm-none-eabi/10.3.1/thumb/v7-m/nofp/crtbegin.o
 *(.bss*)
 .bss.hadc1     0x0000000020000028       0x30 ./Core/Src/ADC_code.o
                0x0000000020000028                hadc1
 .bss.tiks      0x0000000020000058        0x4 ./Core/Src/GPIO_code.o
                0x0000000020000058                tiks
 .bss.uwTick    0x000000002000005c        0x4 ./Drivers/STM32F1xx_HAL_Driver/Src/stm32f1xx_hal.o
                0x000000002000005c                uwTick
 *(COMMON)
                0x0000000020000060                . = ALIGN (0x4)
                0x0000000020000060                _ebss = .
                0x0000000020000060                __bss_end__ = _ebss

._user_heap_stack
                0x0000000020000060      0x600 load address 0x0000000008001908
                0x0000000020000060                . = ALIGN (0x8)
                [!provide]                        PROVIDE (end = .)
                0x0000000020000060                PROVIDE (_end = .)
                0x0000000020000260                . = (. + _Min_Heap_Size)
 *fill*         0x0000000020000060      0x200 
                0x0000000020000660                . = (. + _Min_Stack_Size)
 *fill*         0x0000000020000260      0x400 
                0x0000000020000660                . = ALIGN (0x8)

/DISCARD/
 libc.a(*)
 libm.a(*)
 libgcc.a(*)

.ARM.attributes
                0x0000000000000000       0x29
 *(.ARM.attributes)
 .ARM.attributes
                0x0000000000000000       0x1d d:/avip_sokol/stm32cubeide_1.7.0/stm32cubeide/plugins/com.st.stm32cube.ide.mcu.externaltools.gnu-tools-for-stm32.10.3-2021.10.win32_1.0.0.202111181127/tools/bin/../lib/gcc/arm-none-eabi/10.3.1/thumb/v7-m/nofp/crti.o
 .ARM.attributes
                0x000000000000001d       0x2d d:/avip_sokol/stm32cubeide_1.7.0/stm32cubeide/plugins/com.st.stm32cube.ide.mcu.externaltools.gnu-tools-for-stm32.10.3-2021.10.win32_1.0.0.202111181127/tools/bin/../lib/gcc/arm-none-eabi/10.3.1/thumb/v7-m/nofp/crtbegin.o
 .ARM.attributes
                0x000000000000004a       0x2d ./Core/Src/ADC_code.o
 .ARM.attributes
                0x0000000000000077       0x2d ./Core/Src/GPIO_code.o
 .ARM.attributes
                0x00000000000000a4       0x2d ./Core/Src/I2C_code.o
 .ARM.attributes
                0x00000000000000d1       0x2d ./Core/Src/main.o
 .ARM.attributes
                0x00000000000000fe       0x2d ./Core/Src/stm32f1xx_hal_msp.o
 .ARM.attributes
                0x000000000000012b       0x2d ./Core/Src/stm32f1xx_it.o
 .ARM.attributes
                0x0000000000000158       0x2d ./Core/Src/system_stm32f1xx.o
 .ARM.attributes
                0x0000000000000185       0x21 ./Core/Startup/startup_stm32f103c6tx.o
 .ARM.attributes
                0x00000000000001a6       0x2d ./Drivers/STM32F1xx_HAL_Driver/Src/stm32f1xx_hal.o
 .ARM.attributes
                0x00000000000001d3       0x2d ./Drivers/STM32F1xx_HAL_Driver/Src/stm32f1xx_hal_adc.o
 .ARM.attributes
                0x0000000000000200       0x2d ./Drivers/STM32F1xx_HAL_Driver/Src/stm32f1xx_hal_adc_ex.o
 .ARM.attributes
                0x000000000000022d       0x2d ./Drivers/STM32F1xx_HAL_Driver/Src/stm32f1xx_hal_cortex.o
 .ARM.attributes
                0x000000000000025a       0x2d ./Drivers/STM32F1xx_HAL_Driver/Src/stm32f1xx_hal_gpio.o
 .ARM.attributes
                0x0000000000000287       0x2d d:/avip_sokol/stm32cubeide_1.7.0/stm32cubeide/plugins/com.st.stm32cube.ide.mcu.externaltools.gnu-tools-for-stm32.10.3-2021.10.win32_1.0.0.202111181127/tools/bin/../lib/gcc/arm-none-eabi/10.3.1/../../../../arm-none-eabi/lib/thumb/v7-m/nofp\libc_nano.a(lib_a-init.o)
 .ARM.attributes
                0x00000000000002b4       0x1d d:/avip_sokol/stm32cubeide_1.7.0/stm32cubeide/plugins/com.st.stm32cube.ide.mcu.externaltools.gnu-tools-for-stm32.10.3-2021.10.win32_1.0.0.202111181127/tools/bin/../lib/gcc/arm-none-eabi/10.3.1/thumb/v7-m/nofp/crtn.o
OUTPUT(Test_LED.elf elf32-littlearm)
LOAD linker stubs
LOAD d:/avip_sokol/stm32cubeide_1.7.0/stm32cubeide/plugins/com.st.stm32cube.ide.mcu.externaltools.gnu-tools-for-stm32.10.3-2021.10.win32_1.0.0.202111181127/tools/bin/../lib/gcc/arm-none-eabi/10.3.1/../../../../arm-none-eabi/lib/thumb/v7-m/nofp\libc.a
LOAD d:/avip_sokol/stm32cubeide_1.7.0/stm32cubeide/plugins/com.st.stm32cube.ide.mcu.externaltools.gnu-tools-for-stm32.10.3-2021.10.win32_1.0.0.202111181127/tools/bin/../lib/gcc/arm-none-eabi/10.3.1/../../../../arm-none-eabi/lib/thumb/v7-m/nofp\libm.a
LOAD d:/avip_sokol/stm32cubeide_1.7.0/stm32cubeide/plugins/com.st.stm32cube.ide.mcu.externaltools.gnu-tools-for-stm32.10.3-2021.10.win32_1.0.0.202111181127/tools/bin/../lib/gcc/arm-none-eabi/10.3.1/thumb/v7-m/nofp\libgcc.a

.debug_info     0x0000000000000000     0x57d4
 .debug_info    0x0000000000000000      0x638 ./Core/Src/ADC_code.o
 .debug_info    0x0000000000000638      0x442 ./Core/Src/GPIO_code.o
 .debug_info    0x0000000000000a7a      0x8f8 ./Core/Src/I2C_code.o
 .debug_info    0x0000000000001372      0x2f9 ./Core/Src/main.o
 .debug_info    0x000000000000166b      0x8d3 ./Core/Src/stm32f1xx_hal_msp.o
 .debug_info    0x0000000000001f3e      0x5c4 ./Core/Src/stm32f1xx_it.o
 .debug_info    0x0000000000002502      0x23d ./Core/Src/system_stm32f1xx.o
 .debug_info    0x000000000000273f       0x22 ./Core/Startup/startup_stm32f103c6tx.o
 .debug_info    0x0000000000002761      0x74c ./Drivers/STM32F1xx_HAL_Driver/Src/stm32f1xx_hal.o
 .debug_info    0x0000000000002ead      0xcf7 ./Drivers/STM32F1xx_HAL_Driver/Src/stm32f1xx_hal_adc.o
 .debug_info    0x0000000000003ba4      0xac5 ./Drivers/STM32F1xx_HAL_Driver/Src/stm32f1xx_hal_adc_ex.o
 .debug_info    0x0000000000004669      0xb20 ./Drivers/STM32F1xx_HAL_Driver/Src/stm32f1xx_hal_cortex.o
 .debug_info    0x0000000000005189      0x64b ./Drivers/STM32F1xx_HAL_Driver/Src/stm32f1xx_hal_gpio.o

.debug_abbrev   0x0000000000000000     0x1614
 .debug_abbrev  0x0000000000000000      0x1af ./Core/Src/ADC_code.o
 .debug_abbrev  0x00000000000001af      0x1a1 ./Core/Src/GPIO_code.o
 .debug_abbrev  0x0000000000000350      0x1fb ./Core/Src/I2C_code.o
 .debug_abbrev  0x000000000000054b      0x18a ./Core/Src/main.o
 .debug_abbrev  0x00000000000006d5      0x194 ./Core/Src/stm32f1xx_hal_msp.o
 .debug_abbrev  0x0000000000000869      0x170 ./Core/Src/stm32f1xx_it.o
 .debug_abbrev  0x00000000000009d9      0x13b ./Core/Src/system_stm32f1xx.o
 .debug_abbrev  0x0000000000000b14       0x12 ./Core/Startup/startup_stm32f103c6tx.o
 .debug_abbrev  0x0000000000000b26      0x204 ./Drivers/STM32F1xx_HAL_Driver/Src/stm32f1xx_hal.o
 .debug_abbrev  0x0000000000000d2a      0x210 ./Drivers/STM32F1xx_HAL_Driver/Src/stm32f1xx_hal_adc.o
 .debug_abbrev  0x0000000000000f3a      0x216 ./Drivers/STM32F1xx_HAL_Driver/Src/stm32f1xx_hal_adc_ex.o
 .debug_abbrev  0x0000000000001150      0x2ed ./Drivers/STM32F1xx_HAL_Driver/Src/stm32f1xx_hal_cortex.o
 .debug_abbrev  0x000000000000143d      0x1d7 ./Drivers/STM32F1xx_HAL_Driver/Src/stm32f1xx_hal_gpio.o

.debug_aranges  0x0000000000000000      0x560
 .debug_aranges
                0x0000000000000000       0x28 ./Core/Src/ADC_code.o
 .debug_aranges
                0x0000000000000028       0x38 ./Core/Src/GPIO_code.o
 .debug_aranges
                0x0000000000000060       0x40 ./Core/Src/I2C_code.o
 .debug_aranges
                0x00000000000000a0       0x30 ./Core/Src/main.o
 .debug_aranges
                0x00000000000000d0       0x30 ./Core/Src/stm32f1xx_hal_msp.o
 .debug_aranges
                0x0000000000000100       0x68 ./Core/Src/stm32f1xx_it.o
 .debug_aranges
                0x0000000000000168       0x28 ./Core/Src/system_stm32f1xx.o
 .debug_aranges
                0x0000000000000190       0x28 ./Core/Startup/startup_stm32f103c6tx.o
 .debug_aranges
                0x00000000000001b8       0xe0 ./Drivers/STM32F1xx_HAL_Driver/Src/stm32f1xx_hal.o
 .debug_aranges
                0x0000000000000298       0xf0 ./Drivers/STM32F1xx_HAL_Driver/Src/stm32f1xx_hal_adc.o
 .debug_aranges
                0x0000000000000388       0x80 ./Drivers/STM32F1xx_HAL_Driver/Src/stm32f1xx_hal_adc_ex.o
 .debug_aranges
                0x0000000000000408      0x100 ./Drivers/STM32F1xx_HAL_Driver/Src/stm32f1xx_hal_cortex.o
 .debug_aranges
                0x0000000000000508       0x58 ./Drivers/STM32F1xx_HAL_Driver/Src/stm32f1xx_hal_gpio.o

.debug_ranges   0x0000000000000000      0x498
 .debug_ranges  0x0000000000000000       0x18 ./Core/Src/ADC_code.o
 .debug_ranges  0x0000000000000018       0x28 ./Core/Src/GPIO_code.o
 .debug_ranges  0x0000000000000040       0x30 ./Core/Src/I2C_code.o
 .debug_ranges  0x0000000000000070       0x20 ./Core/Src/main.o
 .debug_ranges  0x0000000000000090       0x20 ./Core/Src/stm32f1xx_hal_msp.o
 .debug_ranges  0x00000000000000b0       0x58 ./Core/Src/stm32f1xx_it.o
 .debug_ranges  0x0000000000000108       0x18 ./Core/Src/system_stm32f1xx.o
 .debug_ranges  0x0000000000000120       0x20 ./Core/Startup/startup_stm32f103c6tx.o
 .debug_ranges  0x0000000000000140       0xd0 ./Drivers/STM32F1xx_HAL_Driver/Src/stm32f1xx_hal.o
 .debug_ranges  0x0000000000000210       0xe0 ./Drivers/STM32F1xx_HAL_Driver/Src/stm32f1xx_hal_adc.o
 .debug_ranges  0x00000000000002f0       0x70 ./Drivers/STM32F1xx_HAL_Driver/Src/stm32f1xx_hal_adc_ex.o
 .debug_ranges  0x0000000000000360       0xf0 ./Drivers/STM32F1xx_HAL_Driver/Src/stm32f1xx_hal_cortex.o
 .debug_ranges  0x0000000000000450       0x48 ./Drivers/STM32F1xx_HAL_Driver/Src/stm32f1xx_hal_gpio.o

.debug_macro    0x0000000000000000    0x16d77
 .debug_macro   0x0000000000000000      0x1c3 ./Core/Src/ADC_code.o
 .debug_macro   0x00000000000001c3      0xa6c ./Core/Src/ADC_code.o
 .debug_macro   0x0000000000000c2f      0x222 ./Core/Src/ADC_code.o
 .debug_macro   0x0000000000000e51       0x2e ./Core/Src/ADC_code.o
 .debug_macro   0x0000000000000e7f       0x22 ./Core/Src/ADC_code.o
 .debug_macro   0x0000000000000ea1       0x22 ./Core/Src/ADC_code.o
 .debug_macro   0x0000000000000ec3       0x8e ./Core/Src/ADC_code.o
 .debug_macro   0x0000000000000f51       0x51 ./Core/Src/ADC_code.o
 .debug_macro   0x0000000000000fa2      0x103 ./Core/Src/ADC_code.o
 .debug_macro   0x00000000000010a5       0x6a ./Core/Src/ADC_code.o
 .debug_macro   0x000000000000110f      0x1df ./Core/Src/ADC_code.o
 .debug_macro   0x00000000000012ee       0x1c ./Core/Src/ADC_code.o
 .debug_macro   0x000000000000130a       0x22 ./Core/Src/ADC_code.o
 .debug_macro   0x000000000000132c       0xbd ./Core/Src/ADC_code.o
 .debug_macro   0x00000000000013e9      0xd23 ./Core/Src/ADC_code.o
 .debug_macro   0x000000000000210c     0xde75 ./Core/Src/ADC_code.o
 .debug_macro   0x000000000000ff81       0x6d ./Core/Src/ADC_code.o
 .debug_macro   0x000000000000ffee     0x3468 ./Core/Src/ADC_code.o
 .debug_macro   0x0000000000013456      0x174 ./Core/Src/ADC_code.o
 .debug_macro   0x00000000000135ca       0x5c ./Core/Src/ADC_code.o
 .debug_macro   0x0000000000013626      0x5be ./Core/Src/ADC_code.o
 .debug_macro   0x0000000000013be4      0x1b7 ./Core/Src/ADC_code.o
 .debug_macro   0x0000000000013d9b      0x1cb ./Core/Src/ADC_code.o
 .debug_macro   0x0000000000013f66      0x114 ./Core/Src/ADC_code.o
 .debug_macro   0x000000000001407a      0x1b2 ./Core/Src/ADC_code.o
 .debug_macro   0x000000000001422c       0x27 ./Core/Src/ADC_code.o
 .debug_macro   0x0000000000014253      0x12f ./Core/Src/ADC_code.o
 .debug_macro   0x0000000000014382      0x1bc ./Core/Src/ADC_code.o
 .debug_macro   0x000000000001453e       0x34 ./Core/Src/ADC_code.o
 .debug_macro   0x0000000000014572       0x3c ./Core/Src/ADC_code.o
 .debug_macro   0x00000000000145ae       0x57 ./Core/Src/ADC_code.o
 .debug_macro   0x0000000000014605      0x46a ./Core/Src/ADC_code.o
 .debug_macro   0x0000000000014a6f      0x1b5 ./Core/Src/ADC_code.o
 .debug_macro   0x0000000000014c24       0x88 ./Core/Src/ADC_code.o
 .debug_macro   0x0000000000014cac      0x183 ./Core/Src/ADC_code.o
 .debug_macro   0x0000000000014e2f      0x287 ./Core/Src/ADC_code.o
 .debug_macro   0x00000000000150b6      0x141 ./Core/Src/ADC_code.o
 .debug_macro   0x00000000000151f7       0x69 ./Core/Src/ADC_code.o
 .debug_macro   0x0000000000015260      0x1b5 ./Core/Src/GPIO_code.o
 .debug_macro   0x0000000000015415      0x1b7 ./Core/Src/I2C_code.o
 .debug_macro   0x00000000000155cc      0x29b ./Core/Src/main.o
 .debug_macro   0x0000000000015867       0x52 ./Core/Src/main.o
 .debug_macro   0x00000000000158b9       0x18 ./Core/Src/main.o
 .debug_macro   0x00000000000158d1       0x3c ./Core/Src/main.o
 .debug_macro   0x000000000001590d       0x34 ./Core/Src/main.o
 .debug_macro   0x0000000000015941       0x16 ./Core/Src/main.o
 .debug_macro   0x0000000000015957       0x43 ./Core/Src/main.o
 .debug_macro   0x000000000001599a       0x34 ./Core/Src/main.o
 .debug_macro   0x00000000000159ce       0x10 ./Core/Src/main.o
 .debug_macro   0x00000000000159de       0x58 ./Core/Src/main.o
 .debug_macro   0x0000000000015a36       0x71 ./Core/Src/main.o
 .debug_macro   0x0000000000015aa7       0x1c ./Core/Src/main.o
 .debug_macro   0x0000000000015ac3      0x12a ./Core/Src/main.o
 .debug_macro   0x0000000000015bed      0x341 ./Core/Src/main.o
 .debug_macro   0x0000000000015f2e       0x10 ./Core/Src/main.o
 .debug_macro   0x0000000000015f3e       0x35 ./Core/Src/main.o
 .debug_macro   0x0000000000015f73       0x20 ./Core/Src/main.o
 .debug_macro   0x0000000000015f93      0x1ab ./Core/Src/stm32f1xx_hal_msp.o
 .debug_macro   0x000000000001613e      0x1b5 ./Core/Src/stm32f1xx_it.o
 .debug_macro   0x00000000000162f3      0x1a1 ./Core/Src/system_stm32f1xx.o
 .debug_macro   0x0000000000016494      0x1c5 ./Drivers/STM32F1xx_HAL_Driver/Src/stm32f1xx_hal.o
 .debug_macro   0x0000000000016659      0x1be ./Drivers/STM32F1xx_HAL_Driver/Src/stm32f1xx_hal_adc.o
 .debug_macro   0x0000000000016817      0x1b3 ./Drivers/STM32F1xx_HAL_Driver/Src/stm32f1xx_hal_adc_ex.o
 .debug_macro   0x00000000000169ca      0x1a1 ./Drivers/STM32F1xx_HAL_Driver/Src/stm32f1xx_hal_cortex.o
 .debug_macro   0x0000000000016b6b      0x20c ./Drivers/STM32F1xx_HAL_Driver/Src/stm32f1xx_hal_gpio.o

.debug_line     0x0000000000000000     0x74fa
 .debug_line    0x0000000000000000      0x6ef ./Core/Src/ADC_code.o
 .debug_line    0x00000000000006ef      0x719 ./Core/Src/GPIO_code.o
 .debug_line    0x0000000000000e08      0x72d ./Core/Src/I2C_code.o
 .debug_line    0x0000000000001535      0x871 ./Core/Src/main.o
 .debug_line    0x0000000000001da6      0x6d6 ./Core/Src/stm32f1xx_hal_msp.o
 .debug_line    0x000000000000247c      0x767 ./Core/Src/stm32f1xx_it.o
 .debug_line    0x0000000000002be3      0x70b ./Core/Src/system_stm32f1xx.o
 .debug_line    0x00000000000032ee       0x87 ./Core/Startup/startup_stm32f103c6tx.o
 .debug_line    0x0000000000003375      0x94c ./Drivers/STM32F1xx_HAL_Driver/Src/stm32f1xx_hal.o
 .debug_line    0x0000000000003cc1     0x1285 ./Drivers/STM32F1xx_HAL_Driver/Src/stm32f1xx_hal_adc.o
 .debug_line    0x0000000000004f46      0xeed ./Drivers/STM32F1xx_HAL_Driver/Src/stm32f1xx_hal_adc_ex.o
 .debug_line    0x0000000000005e33      0xbad ./Drivers/STM32F1xx_HAL_Driver/Src/stm32f1xx_hal_cortex.o
 .debug_line    0x00000000000069e0      0xb1a ./Drivers/STM32F1xx_HAL_Driver/Src/stm32f1xx_hal_gpio.o

.debug_str      0x0000000000000000    0x831fd
 .debug_str     0x0000000000000000    0x7e9cc ./Core/Src/ADC_code.o
                                      0x7edab (size before relaxing)
 .debug_str     0x000000000007e9cc      0x36e ./Core/Src/GPIO_code.o
                                      0x7edb0 (size before relaxing)
 .debug_str     0x000000000007ed3a      0x370 ./Core/Src/I2C_code.o
                                      0x7effb (size before relaxing)
 .debug_str     0x000000000007f0aa     0x2f99 ./Core/Src/main.o
                                      0x819da (size before relaxing)
 .debug_str     0x0000000000082043       0x91 ./Core/Src/stm32f1xx_hal_msp.o
                                      0x7ef3d (size before relaxing)
 .debug_str     0x00000000000820d4       0xca ./Core/Src/stm32f1xx_it.o
                                      0x7ed91 (size before relaxing)
 .debug_str     0x000000000008219e       0x7e ./Core/Src/system_stm32f1xx.o
                                      0x7ea64 (size before relaxing)
 .debug_str     0x000000000008221c       0x36 ./Core/Startup/startup_stm32f103c6tx.o
                                         0x6c (size before relaxing)
 .debug_str     0x0000000000082252      0x3a3 ./Drivers/STM32F1xx_HAL_Driver/Src/stm32f1xx_hal.o
                                      0x7f17d (size before relaxing)
 .debug_str     0x00000000000825f5      0x3ab ./Drivers/STM32F1xx_HAL_Driver/Src/stm32f1xx_hal_adc.o
                                      0x7f14f (size before relaxing)
 .debug_str     0x00000000000829a0      0x2d8 ./Drivers/STM32F1xx_HAL_Driver/Src/stm32f1xx_hal_adc_ex.o
                                      0x7f138 (size before relaxing)
 .debug_str     0x0000000000082c78      0x2a8 ./Drivers/STM32F1xx_HAL_Driver/Src/stm32f1xx_hal_cortex.o
                                      0x7f0b7 (size before relaxing)
 .debug_str     0x0000000000082f20      0x2dd ./Drivers/STM32F1xx_HAL_Driver/Src/stm32f1xx_hal_gpio.o
                                      0x7ee0a (size before relaxing)

.comment        0x0000000000000000       0x50
 .comment       0x0000000000000000       0x50 ./Core/Src/ADC_code.o
                                         0x51 (size before relaxing)
 .comment       0x0000000000000050       0x51 ./Core/Src/GPIO_code.o
 .comment       0x0000000000000050       0x51 ./Core/Src/I2C_code.o
 .comment       0x0000000000000050       0x51 ./Core/Src/main.o
 .comment       0x0000000000000050       0x51 ./Core/Src/stm32f1xx_hal_msp.o
 .comment       0x0000000000000050       0x51 ./Core/Src/stm32f1xx_it.o
 .comment       0x0000000000000050       0x51 ./Core/Src/system_stm32f1xx.o
 .comment       0x0000000000000050       0x51 ./Drivers/STM32F1xx_HAL_Driver/Src/stm32f1xx_hal.o
 .comment       0x0000000000000050       0x51 ./Drivers/STM32F1xx_HAL_Driver/Src/stm32f1xx_hal_adc.o
 .comment       0x0000000000000050       0x51 ./Drivers/STM32F1xx_HAL_Driver/Src/stm32f1xx_hal_adc_ex.o
 .comment       0x0000000000000050       0x51 ./Drivers/STM32F1xx_HAL_Driver/Src/stm32f1xx_hal_cortex.o
 .comment       0x0000000000000050       0x51 ./Drivers/STM32F1xx_HAL_Driver/Src/stm32f1xx_hal_gpio.o

.debug_frame    0x0000000000000000     0x12b8
 .debug_frame   0x0000000000000000       0x50 ./Core/Src/ADC_code.o
 .debug_frame   0x0000000000000050       0x90 ./Core/Src/GPIO_code.o
 .debug_frame   0x00000000000000e0       0xb0 ./Core/Src/I2C_code.o
 .debug_frame   0x0000000000000190       0x78 ./Core/Src/main.o
 .debug_frame   0x0000000000000208       0x80 ./Core/Src/stm32f1xx_hal_msp.o
 .debug_frame   0x0000000000000288      0x120 ./Core/Src/stm32f1xx_it.o
 .debug_frame   0x00000000000003a8       0x58 ./Core/Src/system_stm32f1xx.o
 .debug_frame   0x0000000000000400      0x334 ./Drivers/STM32F1xx_HAL_Driver/Src/stm32f1xx_hal.o
 .debug_frame   0x0000000000000734      0x408 ./Drivers/STM32F1xx_HAL_Driver/Src/stm32f1xx_hal_adc.o
 .debug_frame   0x0000000000000b3c      0x1f4 ./Drivers/STM32F1xx_HAL_Driver/Src/stm32f1xx_hal_adc_ex.o
 .debug_frame   0x0000000000000d30      0x424 ./Drivers/STM32F1xx_HAL_Driver/Src/stm32f1xx_hal_cortex.o
 .debug_frame   0x0000000000001154      0x138 ./Drivers/STM32F1xx_HAL_Driver/Src/stm32f1xx_hal_gpio.o
 .debug_frame   0x000000000000128c       0x2c d:/avip_sokol/stm32cubeide_1.7.0/stm32cubeide/plugins/com.st.stm32cube.ide.mcu.externaltools.gnu-tools-for-stm32.10.3-2021.10.win32_1.0.0.202111181127/tools/bin/../lib/gcc/arm-none-eabi/10.3.1/../../../../arm-none-eabi/lib/thumb/v7-m/nofp\libc_nano.a(lib_a-init.o)
